---
source: cynic-codegen/src/fragment_derive/arguments/tests.rs
expression: "analyse_field_arguments(&schema, literals, field,\nSome(&format_ident!(\"MyArguments\").into()),\nSpan::call_site()).map(|o| o.arguments)"
snapshot_kind: text
---
Ok(
    [
        Field {
            schema_field: InputValue {
                name: FieldName {
                    graphql_name: "anInt",
                },
                value_type: NamedInputType(
                    "Int",
                ),
                has_default: false,
            },
            value: Literal(
                Lit::Int {
                    token: 1,
                },
            ),
            requires_feature: None,
        },
        Field {
            schema_field: InputValue {
                name: FieldName {
                    graphql_name: "aFloat",
                },
                value_type: NamedInputType(
                    "Float",
                ),
                has_default: false,
            },
            value: Literal(
                Lit::Int {
                    token: 3,
                },
            ),
            requires_feature: None,
        },
        Field {
            schema_field: InputValue {
                name: FieldName {
                    graphql_name: "anId",
                },
                value_type: NamedInputType(
                    "ID",
                ),
                has_default: false,
            },
            value: Literal(
                Lit::Str {
                    token: "hello",
                },
            ),
            requires_feature: None,
        },
    ],
)
