---
source: cynic-codegen/src/fragment_derive/arguments/tests.rs
assertion_line: 59
expression: "analyse(literals, field, None, Span::call_site()).map(|o| o.arguments)"
---
Err(
    Errors {
        errors: [
            Error(
                "You've provided a variable here, but this QueryFragment does not take any variables.  Please add the variables attribute to the struct.",
            ),
            Error(
                "You've provided a variable here, but this QueryFragment does not take any variables.  Please add the variables attribute to the struct.",
            ),
        ],
    },
)
