---
source: cynic-codegen/src/fragment_derive_2/arguments/tests.rs
assertion_line: 30
expression: "analyse(literals, field, Span::call_site()).map(|o| o.arguments)"

---
Ok(
    [
        Field {
            schema_field: InputValue {
                description: None,
                name: FieldName {
                    graphql_name: "filters",
                },
                value_type: NamedInputType(
                    "BookFilters",
                ),
            },
            value: Variable(
                Variable {
                    ident: Ident(
                        aVaraible,
                    ),
                    value_type: NamedInputType(
                        "BookFilters",
                    ),
                },
            ),
        },
        Field {
            schema_field: InputValue {
                description: None,
                name: FieldName {
                    graphql_name: "optionalFilters",
                },
                value_type: NullableType(
                    NamedInputType(
                        "BookFilters",
                    ),
                ),
            },
            value: Variable(
                Variable {
                    ident: Ident(
                        anotherVar,
                    ),
                    value_type: NullableType(
                        NamedInputType(
                            "BookFilters",
                        ),
                    ),
                },
            ),
        },
    ],
)
