---
source: cynic-querygen/src/query_parsing/normalisation.rs
assertion_line: 815
expression: film_selections.get(0).unwrap().selections
---
[
    Field(
        FieldSelection {
            alias: None,
            name: "id",
            schema_field: OutputField {
                name: "id",
                value_type: NonNullType(
                    NamedType(
                        OutputTypeRef {
                            type_name: "ID",
                        },
                    ),
                ),
                arguments: [],
            },
            arguments: [],
            field: Leaf,
        },
    ),
    Field(
        FieldSelection {
            alias: None,
            name: "title",
            schema_field: OutputField {
                name: "title",
                value_type: NamedType(
                    OutputTypeRef {
                        type_name: "String",
                    },
                ),
                arguments: [],
            },
            arguments: [],
            field: Leaf,
        },
    ),
]
