---
source: cynic-parser/tests/actual_schemas.rs
expression: parsed.to_sdl()
---
type Device {
  id: Int!
  name: String!
}

type MutationRoot {
  createDevice(name: String!): Int
  signIn(input: SignInInput!): String!
  refresh(token: String!): String!
  create(input: UserData!): ID
}

type QueryRoot {
  user(id: Int!): Device
}

input SignInInput {
  username: String!
  password: String!
}

type SubscriptionRoot {
  interval(n: Int! = 1): Int!
}

input UserData {
  username: String!
  password: String!
}

schema {
  query: QueryRoot
  mutation: MutationRoot
  subscription: SubscriptionRoot
}

