---
source: cynic-codegen/src/fragment_derive/tests.rs
assertion_line: 85
expression: "format_code(format!(\"{}\", tokens))"

---
#[automatically_derived]
impl<'de> ::cynic::QueryFragment<'de> for MyQuery {
    type SchemaType = schema::Query;
    type Variables = ();
    const TYPE: Option<&'static str> = Some("Query");
    fn query(mut builder: ::cynic::queries::QueryBuilder<Self::SchemaType, Self::Variables>) {
        #![allow(unused_mut)]
        let mut field_builder = builder . select_field :: < schema :: query_fields :: FilteredPosts , < Vec < BlogPostOutput > as :: cynic :: QueryFragment > :: SchemaType > () ;
        field_builder
            .argument::<schema::query_fields::filtered_posts_arguments::Filters>()
            .value()
            .object()
            .field::<schema::query_fields::filtered_posts_arguments::States>(|builder| {
                builder
                    .value()
                    .list()
                    .item(|builder| builder.literal("POSTED"))
                    .item(|builder| builder.literal("DRAFT"));
            });
        <Vec<BlogPostOutput> as ::cynic::QueryFragment>::query(field_builder.select_children());
        field_builder.done();
    }
}
#[automatically_derived]
impl<'de> ::cynic::serde::Deserialize<'de> for MyQuery {
    fn deserialize<D>(deserializer: D) -> Result<Self, D::Error>
    where
        D: ::cynic::serde::Deserializer<'de>,
    {
        #[derive(:: cynic :: serde :: Deserialize)]
        #[serde(field_identifier, crate = "::cynic::serde")]
        #[allow(non_camel_case_types)]
        enum Field {
            #[serde(rename = "filteredPosts")]
            filteredPosts,
            #[serde(other)]
            __Other,
        }
        struct Visitor;
        impl<'de> ::cynic::serde::de::Visitor<'de> for Visitor {
            type Value = MyQuery;
            fn expecting(&self, formatter: &mut std::fmt::Formatter) -> std::fmt::Result {
                formatter.write_str("struct MyQuery")
            }
            fn visit_map<V>(self, mut map: V) -> Result<MyQuery, V::Error>
            where
                V: ::cynic::serde::de::MapAccess<'de>,
            {
                let mut filteredPosts = None;
                while let Some(key) = map.next_key()? {
                    match key {
                        Field::filteredPosts => {
                            if filteredPosts.is_some() {
                                return Err(::cynic::serde::de::Error::duplicate_field(
                                    "filteredPosts",
                                ));
                            }
                            filteredPosts = Some(map.next_value()?);
                        }
                        Field::__Other => {
                            map.next_value::<::cynic::serde::de::IgnoredAny>()?;
                        }
                    }
                }
                let filteredPosts = filteredPosts
                    .ok_or_else(|| ::cynic::serde::de::Error::missing_field("filteredPosts"))?;
                Ok(MyQuery { filteredPosts })
            }
        }
        const FIELDS: &'static [&'static str] = &["filteredPosts"];
        deserializer.deserialize_struct("MyQuery", FIELDS, Visitor)
    }
}

