---
source: cynic-codegen/src/fragment_derive/tests.rs
expression: "format_code(format!(\"{}\", tokens))"
---
#[automatically_derived]
impl cynic::QueryFragment for MyQuery {
    type SchemaType = schema::Query;
    type VariablesFields = ();
    const TYPE: Option<&'static str> = Some("Query");
    fn query(
        mut builder: cynic::queries::SelectionBuilder<'_, Self::SchemaType, Self::VariablesFields>,
    ) {
        #![allow(unused_mut)]
        let mut field_builder = builder . select_field :: < schema :: __fields :: Query :: filteredPosts , < Vec < BlogPostOutput > as cynic :: QueryFragment > :: SchemaType > () ;
        {
            struct PostStateDraft;
            impl cynic::serde::Serialize for PostStateDraft {
                fn serialize<__S>(&self, serializer: __S) -> Result<__S::Ok, __S::Error>
                where
                    __S: cynic::serde::Serializer,
                {
                    serializer.serialize_unit_variant("", 0, "DRAFT")
                }
            }
            impl cynic::coercions::CoercesTo<schema::PostState> for PostStateDraft {};
            struct PostStatePosted;
            impl cynic::serde::Serialize for PostStatePosted {
                fn serialize<__S>(&self, serializer: __S) -> Result<__S::Ok, __S::Error>
                where
                    __S: cynic::serde::Serializer,
                {
                    serializer.serialize_unit_variant("", 0, "POSTED")
                }
            }
            impl cynic::coercions::CoercesTo<schema::PostState> for PostStatePosted {};
            field_builder
                .argument::<schema::__fields::Query::_filtered_posts_arguments::filters>()
                .value()
                .object()
                .field::<schema::__fields::PostFilters::states, _>(|builder| {
                    builder
                        .value()
                        .list()
                        .item(|builder| builder.literal(PostStatePosted))
                        .item(|builder| builder.literal(PostStateDraft));
                });
        }
        <Vec<BlogPostOutput> as cynic::QueryFragment>::query(field_builder.select_children());
    }
}
#[automatically_derived]
impl<'de> cynic::serde::Deserialize<'de> for MyQuery {
    fn deserialize<__D>(deserializer: __D) -> Result<Self, __D::Error>
    where
        __D: cynic::serde::Deserializer<'de>,
    {
        #[derive(cynic :: serde :: Deserialize)]
        #[serde(field_identifier, crate = "cynic::serde")]
        #[allow(non_camel_case_types)]
        enum __FragmentDeriveField {
            #[serde(rename = "filteredPosts")]
            filteredPosts,
            #[serde(other)]
            __Other,
        }
        struct Visitor<'de> {
            marker: ::core::marker::PhantomData<MyQuery>,
            lifetime: ::core::marker::PhantomData<&'de ()>,
        }
        impl<'de> cynic::serde::de::Visitor<'de> for Visitor<'de> {
            type Value = MyQuery;
            fn expecting(&self, formatter: &mut std::fmt::Formatter<'_>) -> std::fmt::Result {
                formatter.write_str("struct MyQuery")
            }
            fn visit_map<V>(self, mut __map: V) -> Result<Self::Value, V::Error>
            where
                V: cynic::serde::de::MapAccess<'de>,
            {
                let mut filteredPosts = None;
                while let Some(__key) = __map.next_key()? {
                    match __key {
                        __FragmentDeriveField::filteredPosts => {
                            if filteredPosts.is_some() {
                                return Err(cynic::serde::de::Error::duplicate_field(
                                    "filteredPosts",
                                ));
                            }
                            filteredPosts = Some(__map.next_value()?);
                        }
                        __FragmentDeriveField::__Other => {
                            __map.next_value::<cynic::serde::de::IgnoredAny>()?;
                        }
                    }
                }
                let filteredPosts = filteredPosts
                    .ok_or_else(|| cynic::serde::de::Error::missing_field("filteredPosts"))?;
                Ok(MyQuery { filteredPosts })
            }
        }
        const FIELDS: &'static [&str] = &["filteredPosts"];
        deserializer.deserialize_struct(
            "MyQuery",
            FIELDS,
            Visitor {
                marker: ::core::marker::PhantomData,
                lifetime: ::core::marker::PhantomData,
            },
        )
    }
}

