---
source: cynic-parser/src/lexer.rs
expression: tokens
---
[
    LineTerminator,
    Whitespace,
    Query,
    Whitespace,
    OpenCurly,
    LineTerminator,
    Whitespace,
    Name(
        "repository",
    ),
    OpenParen,
    Name(
        "owner",
    ),
    Colon,
    Whitespace,
    Quote,
    Name(
        "obmarg",
    ),
    Quote,
    Comma,
    Whitespace,
    Name(
        "name",
    ),
    Colon,
    Whitespace,
    Quote,
    Name(
        "cynic",
    ),
    Quote,
    CloseParen,
    Whitespace,
    OpenCurly,
    LineTerminator,
    Whitespace,
    Name(
        "issueOrPullRequest",
    ),
    OpenParen,
    Name(
        "number",
    ),
    Colon,
    Whitespace,
    Number,
    CloseParen,
    Whitespace,
    OpenCurly,
    LineTerminator,
    Whitespace,
    Spread,
    Whitespace,
    Name(
        "on",
    ),
    Whitespace,
    Name(
        "Issue",
    ),
    Whitespace,
    OpenCurly,
    LineTerminator,
    Whitespace,
    Name(
        "id",
    ),
    LineTerminator,
    Whitespace,
    Name(
        "title",
    ),
    LineTerminator,
    Whitespace,
    Name(
        "lastEditedAt",
    ),
    LineTerminator,
    Whitespace,
    CloseCurly,
    LineTerminator,
    Whitespace,
    Spread,
    Whitespace,
    Name(
        "on",
    ),
    Whitespace,
    Name(
        "PullRequest",
    ),
    Whitespace,
    OpenCurly,
    LineTerminator,
    Whitespace,
    Name(
        "id",
    ),
    LineTerminator,
    Whitespace,
    Name(
        "title",
    ),
    LineTerminator,
    Whitespace,
    Name(
        "lastEditedAt",
    ),
    LineTerminator,
    Whitespace,
    CloseCurly,
    LineTerminator,
    Whitespace,
    CloseCurly,
    LineTerminator,
    Whitespace,
    CloseCurly,
    LineTerminator,
    Whitespace,
    CloseCurly,
    LineTerminator,
    LineTerminator,
    Whitespace,
]
