---
source: cynic-parser/src/parser/mod.rs
expression: result.syntax()

---
DOCUMENT@0..53
  OPERATION_DEF@0..52
    OPERATION_TYPE@0..5
      QUERY_KEYWORD@0..5 "query"
    WHITESPACE@5..6 " "
    SELECTION_SET@6..52
      OPEN_CURLY@6..7 "{"
      LINE_TERMINATOR@7..8 "\n"
      WHITESPACE@8..10 "  "
      FIELD_SELECTION@10..51
        NAME@10..14 "node"
        ARGUMENT_LIST@14..51
          OPEN_PAREN@14..15 "("
          ARGUMENT@15..22
            NAME@15..17 "id"
            COLON@17..18 ":"
            WHITESPACE@18..19 " "
            INTEGER_VALUE@19..20
              NUMBER@19..20 "1"
            COMMA@20..21 ","
            WHITESPACE@21..22 " "
          ARGUMENT@22..49
            NAME@22..25 "obj"
            COLON@25..26 ":"
            WHITESPACE@26..27 " "
            OBJECT_VALUE@27..49
              OPEN_CURLY@27..28 "{"
              OBJECT_FIELD@28..39
                NAME@28..32 "key1"
                COLON@32..33 ":"
                WHITESPACE@33..34 " "
                INTEGER_VALUE@34..37
                  NUMBER@34..37 "123"
                COMMA@37..38 ","
                WHITESPACE@38..39 " "
              OBJECT_FIELD@39..48
                NAME@39..43 "key2"
                COLON@43..44 ":"
                WHITESPACE@44..45 " "
                INTEGER_VALUE@45..48
                  NUMBER@45..48 "456"
              CLOSE_CURLY@48..49 "}"
          CLOSE_PAREN@49..50 ")"
          LINE_TERMINATOR@50..51 "\n"
      CLOSE_CURLY@51..52 "}"
  LINE_TERMINATOR@52..53 "\n"

