---
source: cynic-parser/src/parser/mod.rs
expression: result.syntax()

---
DOCUMENT@0..31
  OPERATION_DEF@0..30
    OPERATION_TYPE@0..8
      MUTATION_KEYWORD@0..8 "mutation"
    WHITESPACE@8..9 " "
    DIRECTIVES@9..20
      DIRECTIVE@9..20
        AT@9..10 "@"
        NAME@10..19 "directive"
        WHITESPACE@19..20 " "
    SELECTION_SET@20..30
      OPEN_CURLY@20..21 "{"
      LINE_TERMINATOR@21..22 "\n"
      WHITESPACE@22..24 "  "
      FIELD_SELECTION@24..29
        NAME@24..28 "node"
        LINE_TERMINATOR@28..29 "\n"
      CLOSE_CURLY@29..30 "}"
  LINE_TERMINATOR@30..31 "\n"

