---
source: cynic-introspection/tests/tests.rs
expression: build_2021_query().query
---
query IntrospectionQuery {
  __schema {
    queryType {
      name
    }
    mutationType {
      name
    }
    subscriptionType {
      name
    }
    types {
      kind
      name
      description
      fields(includeDeprecated: true) {
        name
        description
        args {
          name
          description
          type {
            kind
            name
            ofType {
              kind
              name
              ofType {
                kind
                name
                ofType {
                  kind
                  name
                  ofType {
                    kind
                    name
                    ofType {
                      kind
                      name
                      ofType {
                        kind
                        name
                      }
                    }
                  }
                }
              }
            }
          }
          defaultValue
        }
        type {
          kind
          name
          ofType {
            kind
            name
            ofType {
              kind
              name
              ofType {
                kind
                name
                ofType {
                  kind
                  name
                  ofType {
                    kind
                    name
                    ofType {
                      kind
                      name
                    }
                  }
                }
              }
            }
          }
        }
        isDeprecated
        deprecationReason
      }
      inputFields {
        name
        description
        type {
          kind
          name
          ofType {
            kind
            name
            ofType {
              kind
              name
              ofType {
                kind
                name
                ofType {
                  kind
                  name
                  ofType {
                    kind
                    name
                    ofType {
                      kind
                      name
                    }
                  }
                }
              }
            }
          }
        }
        defaultValue
      }
      interfaces {
        name
      }
      enumValues(includeDeprecated: true) {
        name
        description
        isDeprecated
        deprecationReason
      }
      possibleTypes {
        name
      }
      specifiedByURL
    }
    directives {
      name
      description
      args {
        name
        description
        type {
          kind
          name
          ofType {
            kind
            name
            ofType {
              kind
              name
              ofType {
                kind
                name
                ofType {
                  kind
                  name
                  ofType {
                    kind
                    name
                    ofType {
                      kind
                      name
                    }
                  }
                }
              }
            }
          }
        }
        defaultValue
      }
      locations
    }
  }
}


