---
source: examples/examples/chrono-scalars.rs
expression: result.data
---
Some(
    JobsQuery {
        jobs: [
            Job {
                created_at: 2019-08-07T17:19:52.764Z,
            },
            Job {
                created_at: 2019-06-12T09:58:28.530Z,
            },
            Job {
                created_at: 2019-05-24T10:47:47.216Z,
            },
            Job {
                created_at: 2019-06-10T19:42:59.196Z,
            },
            Job {
                created_at: 2019-06-08T14:14:54.331Z,
            },
            Job {
                created_at: 2019-06-08T14:07:01.678Z,
            },
            Job {
                created_at: 2019-06-08T13:55:45.870Z,
            },
            Job {
                created_at: 2019-05-14T11:30:33.200Z,
            },
            Job {
                created_at: 2019-05-14T11:26:26.455Z,
            },
            Job {
                created_at: 2019-05-14T11:15:40.324Z,
            },
            Job {
                created_at: 2019-05-11T19:37:51.201Z,
            },
            Job {
                created_at: 2019-05-11T19:34:06.439Z,
            },
            Job {
                created_at: 2019-05-11T19:31:47.068Z,
            },
            Job {
                created_at: 2019-05-11T19:17:02.240Z,
            },
            Job {
                created_at: 2019-05-09T20:10:32.730Z,
            },
            Job {
                created_at: 2019-05-09T19:38:15.868Z,
            },
            Job {
                created_at: 2019-05-07T12:14:32.031Z,
            },
            Job {
                created_at: 2019-05-07T10:35:45.320Z,
            },
            Job {
                created_at: 2019-05-07T10:21:34.175Z,
            },
            Job {
                created_at: 2019-05-07T09:54:31.862Z,
            },
            Job {
                created_at: 2019-05-03T11:35:22.802Z,
            },
            Job {
                created_at: 2019-05-03T11:19:12.697Z,
            },
            Job {
                created_at: 2019-05-03T11:15:53.356Z,
            },
            Job {
                created_at: 2019-04-29T08:33:32.479Z,
            },
            Job {
                created_at: 2019-05-02T22:46:51.434Z,
            },
            Job {
                created_at: 2019-05-02T22:44:38.211Z,
            },
            Job {
                created_at: 2019-05-02T22:42:09.272Z,
            },
            Job {
                created_at: 2019-05-02T22:30:59.246Z,
            },
            Job {
                created_at: 2019-05-01T14:30:09.142Z,
            },
            Job {
                created_at: 2019-05-01T13:33:51.033Z,
            },
            Job {
                created_at: 2019-05-01T13:39:06.763Z,
            },
            Job {
                created_at: 2019-05-01T13:26:01.841Z,
            },
            Job {
                created_at: 2019-04-29T14:20:23.707Z,
            },
            Job {
                created_at: 2019-05-01T13:17:10.227Z,
            },
            Job {
                created_at: 2019-05-01T10:05:56.136Z,
            },
            Job {
                created_at: 2019-04-30T20:18:32.113Z,
            },
            Job {
                created_at: 2019-04-30T15:37:54.088Z,
            },
            Job {
                created_at: 2019-04-30T13:33:51.458Z,
            },
            Job {
                created_at: 2019-04-29T19:40:47.821Z,
            },
            Job {
                created_at: 2019-04-29T19:16:18.501Z,
            },
            Job {
                created_at: 2019-04-29T16:49:28.021Z,
            },
            Job {
                created_at: 2019-04-29T15:37:53.016Z,
            },
            Job {
                created_at: 2019-04-29T08:37:12.814Z,
            },
            Job {
                created_at: 2019-04-29T08:30:10.661Z,
            },
            Job {
                created_at: 2019-04-28T21:14:30.552Z,
            },
            Job {
                created_at: 2019-04-28T21:11:35.387Z,
            },
            Job {
                created_at: 2019-04-28T20:56:18.746Z,
            },
            Job {
                created_at: 2019-04-28T19:28:39.532Z,
            },
            Job {
                created_at: 2019-04-28T18:47:25.433Z,
            },
            Job {
                created_at: 2019-04-28T18:43:05.077Z,
            },
            Job {
                created_at: 2019-04-28T18:36:36.799Z,
            },
            Job {
                created_at: 2019-04-24T21:03:27.281Z,
            },
            Job {
                created_at: 2019-04-24T20:26:14.807Z,
            },
            Job {
                created_at: 2019-04-24T20:24:11.766Z,
            },
            Job {
                created_at: 2019-04-24T20:21:31.478Z,
            },
            Job {
                created_at: 2019-04-24T20:18:58.618Z,
            },
            Job {
                created_at: 2019-04-24T20:06:08.126Z,
            },
            Job {
                created_at: 2019-04-24T19:54:23.799Z,
            },
            Job {
                created_at: 2019-04-24T16:46:14.665Z,
            },
            Job {
                created_at: 2019-04-24T16:42:21.364Z,
            },
            Job {
                created_at: 2019-04-24T16:30:28.679Z,
            },
            Job {
                created_at: 2019-04-24T16:27:42.853Z,
            },
            Job {
                created_at: 2019-04-24T16:25:04.552Z,
            },
            Job {
                created_at: 2019-04-24T16:10:18.660Z,
            },
            Job {
                created_at: 2019-04-24T16:01:54.909Z,
            },
            Job {
                created_at: 2019-04-24T15:47:28.263Z,
            },
            Job {
                created_at: 2019-04-24T15:01:39.675Z,
            },
            Job {
                created_at: 2019-04-24T14:25:44.992Z,
            },
            Job {
                created_at: 2019-04-24T14:22:37.534Z,
            },
            Job {
                created_at: 2019-04-24T14:08:46.595Z,
            },
            Job {
                created_at: 2019-04-24T14:05:53.076Z,
            },
            Job {
                created_at: 2019-04-24T14:02:13.862Z,
            },
            Job {
                created_at: 2019-04-24T13:59:22.393Z,
            },
            Job {
                created_at: 2019-04-24T12:39:47.941Z,
            },
            Job {
                created_at: 2019-04-24T12:04:27.405Z,
            },
            Job {
                created_at: 2019-04-24T11:56:24.263Z,
            },
            Job {
                created_at: 2019-04-24T11:33:12.594Z,
            },
        ],
    },
)
