---
source: examples/examples/querying-interfaces.rs
assertion_line: 142
expression: result.data

---
Some(
    Query {
        node: Some(
            Other(
                OtherNode {
                    id: Id(
                        "c3RhcnNoaXBzOjY1",
                    ),
                },
            ),
        ),
    },
)
