---
source: examples/examples/querying-interfaces.rs
assertion_line: 124
expression: result.data

---
Some(
    Query {
        node: Some(
            Film(
                Film {
                    title: Some(
                        "A New Hope",
                    ),
                },
            ),
        ),
    },
)
