---
source: examples/examples/querying-interfaces.rs
expression: result.data
---
Some(
    FilmDirectorQuery {
        node: Some(
            Other(
                OtherNode {
                    id: Id(
                        "c3RhcnNoaXBzOjY1",
                    ),
                },
            ),
        ),
    },
)
