---
source: examples/examples/querying-interfaces.rs
expression: result.data
---
Some(
    Query {
        node: Some(
            Film(
                Film {
                    __typename: "Film",
                    title: Some(
                        "A New Hope",
                    ),
                },
            ),
        ),
    },
)
