---
source: examples/examples/querying-interfaces.rs
expression: result.data
---
Some(
    FilmDirectorQuery {
        node: Some(
            Planet(
                Planet {
                    name: Some(
                        "Dorin",
                    ),
                },
            ),
        ),
    },
)
