---
source: cynic-querygen/tests/starwars-tests.rs
expression: "document_to_fragment_structs(query, schema,\n        &QueryGenOptions::default()).expect(\"QueryGen Failed\")"
---
#[derive(cynic::QueryFragment, Debug)]
#[cynic(graphql_type = "Root")]
pub struct UnnamedQuery {
    pub all_people: Option<PeopleConnection>,
}

#[derive(cynic::QueryFragment, Debug)]
pub struct PeopleConnection {
    pub people: Option<Vec<Option<Person>>>,
}

#[derive(cynic::QueryFragment, Debug)]
pub struct Person {
    pub mass: Option<f64>,
}


