---
source: cynic/tests/core-prototype-tests.rs
assertion_line: 205
expression: selections

---
SelectionSet {
    selections: [
        Field(
            FieldSelection {
                name: "post",
                alias: None,
                arguments: [
                    Argument {
                        name: "id",
                        value: String(
                            "TODO",
                        ),
                    },
                ],
                children: SelectionSet {
                    selections: [
                        Field(
                            FieldSelection {
                                name: "hasMetadata",
                                alias: None,
                                arguments: [],
                                children: SelectionSet {
                                    selections: [],
                                },
                            },
                        ),
                        Field(
                            FieldSelection {
                                name: "author",
                                alias: None,
                                arguments: [],
                                children: SelectionSet {
                                    selections: [
                                        Field(
                                            FieldSelection {
                                                name: "name",
                                                alias: None,
                                                arguments: [],
                                                children: SelectionSet {
                                                    selections: [],
                                                },
                                            },
                                        ),
                                    ],
                                },
                            },
                        ),
                    ],
                },
            },
        ),
        Field(
            FieldSelection {
                name: "allPosts",
                alias: None,
                arguments: [],
                children: SelectionSet {
                    selections: [
                        Field(
                            FieldSelection {
                                name: "hasMetadata",
                                alias: None,
                                arguments: [],
                                children: SelectionSet {
                                    selections: [],
                                },
                            },
                        ),
                        Field(
                            FieldSelection {
                                name: "author",
                                alias: None,
                                arguments: [],
                                children: SelectionSet {
                                    selections: [
                                        Field(
                                            FieldSelection {
                                                name: "name",
                                                alias: None,
                                                arguments: [],
                                                children: SelectionSet {
                                                    selections: [],
                                                },
                                            },
                                        ),
                                    ],
                                },
                            },
                        ),
                    ],
                },
            },
        ),
    ],
}
