---
source: cynic/tests/core-prototype-tests.rs
assertion_line: 205
expression: selections

---
SelectionSet {
    selections: [
        Field(
            FieldSelection {
                name: "post",
                arguments: [],
                children: SelectionSet {
                    selections: [
                        Field(
                            FieldSelection {
                                name: "hasMetadata",
                                arguments: [],
                                children: SelectionSet {
                                    selections: [],
                                },
                            },
                        ),
                        Field(
                            FieldSelection {
                                name: "author",
                                arguments: [],
                                children: SelectionSet {
                                    selections: [
                                        Field(
                                            FieldSelection {
                                                name: "name",
                                                arguments: [],
                                                children: SelectionSet {
                                                    selections: [],
                                                },
                                            },
                                        ),
                                    ],
                                },
                            },
                        ),
                    ],
                },
            },
        ),
        Field(
            FieldSelection {
                name: "allPosts",
                arguments: [],
                children: SelectionSet {
                    selections: [
                        Field(
                            FieldSelection {
                                name: "hasMetadata",
                                arguments: [],
                                children: SelectionSet {
                                    selections: [],
                                },
                            },
                        ),
                        Field(
                            FieldSelection {
                                name: "author",
                                arguments: [],
                                children: SelectionSet {
                                    selections: [
                                        Field(
                                            FieldSelection {
                                                name: "name",
                                                arguments: [],
                                                children: SelectionSet {
                                                    selections: [],
                                                },
                                            },
                                        ),
                                    ],
                                },
                            },
                        ),
                    ],
                },
            },
        ),
    ],
}
