---
source: cynic/tests/recursive-queries.rs
assertion_line: 42
expression: operation.query
---
query {
  allPosts {
    comments {
      author {
        posts {
          comments {
            author {
              posts {
                comments {
                  author
                }
              }
            }
          }
        }
      }
    }
  }
}


