---
source: cynic/tests/recursive-queries.rs
assertion_line: 120
expression: "serde_json::from_value::<FriendsQuery>(data).unwrap()"

---
all_authors:
  - friends:
      - friends:
          - friends: ~
            referrer: ~
        referrer:
          friends: ~
          referrer: ~
    referrer:
      friends:
        - friends: ~
          referrer: ~
      referrer:
        friends: ~
        referrer: ~

