---
source: cynic/tests/renames.rs
assertion_line: 68
expression: "serde_json::from_value::<GraphQlResponse<AllPostsQuery>>(data).unwrap().data"
---
all_posts:
  - metadata_present: true
    metadata:
      underscore: ~
all_data:
  - Post:
      metadata_present: true
      metadata:
        underscore: ~

