---
source: cynic-codegen/src/fragment_derive/tests.rs
expression: "format_code(format!(\"{}\", tokens))"
---
#[automatically_derived]
impl cynic::QueryFragment for BlogPostOutput {
    type SchemaType = schema::BlogPost;
    type VariablesFields = ();
    const TYPE: Option<&'static str> = Some("BlogPost");
    fn query(
        mut builder: cynic::queries::SelectionBuilder<'_, Self::SchemaType, Self::VariablesFields>,
    ) {
        #![allow(unused_mut)]
        let mut field_builder = builder . select_field :: < schema :: __fields :: BlogPost :: hasMetadata , < Option < bool > as cynic :: schema :: IsScalar < < schema :: __fields :: BlogPost :: hasMetadata as cynic :: schema :: Field > :: Type >> :: SchemaType > () ;
        let mut field_builder = builder . select_field :: < schema :: __fields :: BlogPost :: author , < AuthorOutput as cynic :: QueryFragment > :: SchemaType > () ;
        <AuthorOutput as cynic::QueryFragment>::query(field_builder.select_children());
    }
    fn name() -> Option<std::borrow::Cow<'static, str>> {
        Some(std::borrow::Cow::Borrowed("BlogPostOutput"))
    }
}
#[automatically_derived]
impl<'de> cynic::serde::Deserialize<'de> for BlogPostOutput {
    fn deserialize<__D>(deserializer: __D) -> Result<Self, __D::Error>
    where
        __D: cynic::serde::Deserializer<'de>,
    {
        #[derive(cynic :: serde :: Deserialize)]
        #[serde(field_identifier, crate = "cynic::serde")]
        #[allow(non_camel_case_types)]
        enum __FragmentDeriveField {
            #[serde(rename = "hasMetadata")]
            has_metadata,
            #[serde(rename = "author")]
            author,
            #[serde(other)]
            __Other,
        }
        struct Visitor<'de> {
            marker: ::core::marker::PhantomData<BlogPostOutput>,
            lifetime: ::core::marker::PhantomData<&'de ()>,
        }
        impl<'de> cynic::serde::de::Visitor<'de> for Visitor<'de> {
            type Value = BlogPostOutput;
            fn expecting(&self, formatter: &mut std::fmt::Formatter<'_>) -> std::fmt::Result {
                formatter.write_str("struct BlogPostOutput")
            }
            fn visit_map<V>(self, mut __map: V) -> Result<Self::Value, V::Error>
            where
                V: cynic::serde::de::MapAccess<'de>,
            {
                let mut has_metadata = None;
                let mut author = None;
                while let Some(__key) = __map.next_key()? {
                    match __key {
                        __FragmentDeriveField::has_metadata => {
                            if has_metadata.is_some() {
                                return Err(cynic::serde::de::Error::duplicate_field(
                                    "hasMetadata",
                                ));
                            }
                            has_metadata = Some(__map.next_value()?);
                        }
                        __FragmentDeriveField::author => {
                            if author.is_some() {
                                return Err(cynic::serde::de::Error::duplicate_field("author"));
                            }
                            author = Some(__map.next_value()?);
                        }
                        __FragmentDeriveField::__Other => {
                            __map.next_value::<cynic::serde::de::IgnoredAny>()?;
                        }
                    }
                }
                let has_metadata = has_metadata
                    .ok_or_else(|| cynic::serde::de::Error::missing_field("hasMetadata"))?;
                let author =
                    author.ok_or_else(|| cynic::serde::de::Error::missing_field("author"))?;
                Ok(BlogPostOutput {
                    has_metadata,
                    author,
                })
            }
        }
        const FIELDS: &'static [&str] = &["hasMetadata", "author"];
        deserializer.deserialize_struct(
            "BlogPostOutput",
            FIELDS,
            Visitor {
                marker: ::core::marker::PhantomData,
                lifetime: ::core::marker::PhantomData,
            },
        )
    }
}

