---
source: cynic-codegen/tests/use-schema.rs
expression: "format_code(format!(\"{}\", tokens))"
snapshot_kind: text
---
impl cynic::schema::QueryRoot for Query {}
pub struct AnInputType;
impl cynic::schema::InputObjectMarker for AnInputType {}
pub struct Dessert {}
pub struct JSON {}
impl cynic::schema::NamedType for JSON {
    const NAME: &'static ::core::primitive::str = "JSON";
}
pub struct MyUnionType {}
pub struct Nested;
pub struct Query;
pub struct TestStruct;
#[allow(non_camel_case_types)]
pub struct include;
impl cynic::schema::FieldDirective for include {
    const NAME: &'static str = "include";
}
#[allow(non_camel_case_types)]
pub mod _include_arguments {
    pub struct r#if;
    impl cynic::schema::HasArgument<r#if> for super::include {
        type ArgumentType = super::Boolean;
        const NAME: &'static ::core::primitive::str = "if";
    }
}
#[allow(non_camel_case_types)]
pub struct skip;
impl cynic::schema::FieldDirective for skip {
    const NAME: &'static str = "skip";
}
#[allow(non_camel_case_types)]
pub mod _skip_arguments {
    pub struct r#if;
    impl cynic::schema::HasArgument<r#if> for super::skip {
        type ArgumentType = super::Boolean;
        const NAME: &'static ::core::primitive::str = "if";
    }
}
impl cynic::schema::HasSubtype<Nested> for MyUnionType {}
impl cynic::schema::HasSubtype<TestStruct> for MyUnionType {}
impl cynic::schema::NamedType for MyUnionType {
    const NAME: &'static ::core::primitive::str = "MyUnionType";
}
impl cynic::schema::NamedType for Nested {
    const NAME: &'static ::core::primitive::str = "Nested";
}
impl cynic::schema::NamedType for Query {
    const NAME: &'static ::core::primitive::str = "Query";
}
impl cynic::schema::NamedType for TestStruct {
    const NAME: &'static ::core::primitive::str = "TestStruct";
}
#[allow(non_snake_case, non_camel_case_types)]
pub mod __fields {
    pub mod AnInputType {
        pub struct favouriteDessert;
        impl cynic::schema::Field for favouriteDessert {
            type Type = Option<super::super::Dessert>;
            const NAME: &'static ::core::primitive::str = "favouriteDessert";
        }
        impl cynic::schema::HasInputField<favouriteDessert, Option<super::super::Dessert>>
            for super::super::AnInputType
        {
        }
    }
    pub mod Nested {
        pub struct aString;
        impl cynic::schema::Field for aString {
            type Type = super::super::String;
            const NAME: &'static ::core::primitive::str = "aString";
        }
        impl cynic::schema::HasField<aString> for super::super::Nested {
            type Type = super::super::String;
        }
        pub struct optString;
        impl cynic::schema::Field for optString {
            type Type = Option<super::super::String>;
            const NAME: &'static ::core::primitive::str = "optString";
        }
        impl cynic::schema::HasField<optString> for super::super::Nested {
            type Type = Option<super::super::String>;
        }
        pub struct __typename;
        impl cynic::schema::Field for __typename {
            type Type = super::super::String;
            const NAME: &'static ::core::primitive::str = "__typename";
        }
        impl cynic::schema::HasField<__typename> for super::super::Nested {
            type Type = super::super::String;
        }
    }
    pub mod Query {
        pub struct testStruct;
        impl cynic::schema::Field for testStruct {
            type Type = Option<super::super::TestStruct>;
            const NAME: &'static ::core::primitive::str = "testStruct";
        }
        impl cynic::schema::HasField<testStruct> for super::super::Query {
            type Type = Option<super::super::TestStruct>;
        }
        pub struct myUnion;
        impl cynic::schema::Field for myUnion {
            type Type = Option<super::super::MyUnionType>;
            const NAME: &'static ::core::primitive::str = "myUnion";
        }
        impl cynic::schema::HasField<myUnion> for super::super::Query {
            type Type = Option<super::super::MyUnionType>;
        }
        pub struct __typename;
        impl cynic::schema::Field for __typename {
            type Type = super::super::String;
            const NAME: &'static ::core::primitive::str = "__typename";
        }
        impl cynic::schema::HasField<__typename> for super::super::Query {
            type Type = super::super::String;
        }
    }
    pub mod TestStruct {
        pub struct fieldOne;
        impl cynic::schema::Field for fieldOne {
            type Type = super::super::String;
            const NAME: &'static ::core::primitive::str = "fieldOne";
        }
        impl cynic::schema::HasField<fieldOne> for super::super::TestStruct {
            type Type = super::super::String;
        }
        pub mod _field_one_arguments {
            pub struct x;
            impl cynic::schema::HasArgument<x> for super::fieldOne {
                type ArgumentType = Option<super::super::super::Int>;
                const NAME: &'static ::core::primitive::str = "x";
            }
            pub struct y;
            impl cynic::schema::HasArgument<y> for super::fieldOne {
                type ArgumentType = Option<super::super::super::String>;
                const NAME: &'static ::core::primitive::str = "y";
            }
        }
        pub struct tastyCakes;
        impl cynic::schema::Field for tastyCakes {
            type Type = super::super::Dessert;
            const NAME: &'static ::core::primitive::str = "tastyCakes";
        }
        impl cynic::schema::HasField<tastyCakes> for super::super::TestStruct {
            type Type = super::super::Dessert;
        }
        pub mod _tasty_cakes_arguments {
            pub struct first;
            impl cynic::schema::HasArgument<first> for super::tastyCakes {
                type ArgumentType = super::super::super::Dessert;
                const NAME: &'static ::core::primitive::str = "first";
            }
            pub struct second;
            impl cynic::schema::HasArgument<second> for super::tastyCakes {
                type ArgumentType = Option<super::super::super::Dessert>;
                const NAME: &'static ::core::primitive::str = "second";
            }
        }
        pub struct fieldWithInput;
        impl cynic::schema::Field for fieldWithInput {
            type Type = super::super::Dessert;
            const NAME: &'static ::core::primitive::str = "fieldWithInput";
        }
        impl cynic::schema::HasField<fieldWithInput> for super::super::TestStruct {
            type Type = super::super::Dessert;
        }
        pub mod _field_with_input_arguments {
            pub struct input;
            impl cynic::schema::HasArgument<input> for super::fieldWithInput {
                type ArgumentType = super::super::super::AnInputType;
                const NAME: &'static ::core::primitive::str = "input";
            }
        }
        pub struct nested;
        impl cynic::schema::Field for nested {
            type Type = super::super::Nested;
            const NAME: &'static ::core::primitive::str = "nested";
        }
        impl cynic::schema::HasField<nested> for super::super::TestStruct {
            type Type = super::super::Nested;
        }
        pub struct optNested;
        impl cynic::schema::Field for optNested {
            type Type = Option<super::super::Nested>;
            const NAME: &'static ::core::primitive::str = "optNested";
        }
        impl cynic::schema::HasField<optNested> for super::super::TestStruct {
            type Type = Option<super::super::Nested>;
        }
        pub struct dessert;
        impl cynic::schema::Field for dessert {
            type Type = Option<super::super::Dessert>;
            const NAME: &'static ::core::primitive::str = "dessert";
        }
        impl cynic::schema::HasField<dessert> for super::super::TestStruct {
            type Type = Option<super::super::Dessert>;
        }
        pub struct json;
        impl cynic::schema::Field for json {
            type Type = Option<super::super::JSON>;
            const NAME: &'static ::core::primitive::str = "json";
        }
        impl cynic::schema::HasField<json> for super::super::TestStruct {
            type Type = Option<super::super::JSON>;
        }
        pub struct __typename;
        impl cynic::schema::Field for __typename {
            type Type = super::super::String;
            const NAME: &'static ::core::primitive::str = "__typename";
        }
        impl cynic::schema::HasField<__typename> for super::super::TestStruct {
            type Type = super::super::String;
        }
    }
}
pub type Boolean = bool;
pub type String = std::string::String;
pub type Float = f64;
pub type Int = i32;
pub type ID = cynic::Id;
pub mod variable {
    use cynic::{
        serde::{ser::SerializeSeq, Serialize, Serializer},
        variables::VariableType,
    };
    #[doc = r" Used to determine the type of a given variable that"]
    #[doc = r" appears in a variable struct."]
    pub trait Variable {
        const TYPE: VariableType;
        fn serialize<S>(&self, serializer: S) -> Result<S::Ok, S::Error>
        where
            S: Serializer;
    }
    struct VariableSerialize<T>(T);
    impl<T> Serialize for VariableSerialize<T>
    where
        T: Variable,
    {
        fn serialize<S>(&self, serializer: S) -> Result<S::Ok, S::Error>
        where
            S: Serializer,
        {
            Variable::serialize(&self.0, serializer)
        }
    }
    impl<T> Variable for &T
    where
        T: ?::core::marker::Sized + Variable,
    {
        const TYPE: VariableType = T::TYPE;
        fn serialize<S>(&self, serializer: S) -> Result<S::Ok, S::Error>
        where
            S: Serializer,
        {
            <T as Variable>::serialize(self, serializer)
        }
    }
    impl<T> Variable for Option<T>
    where
        T: Variable,
    {
        const TYPE: VariableType = VariableType::Nullable(&T::TYPE);
        fn serialize<S>(&self, serializer: S) -> Result<S::Ok, S::Error>
        where
            S: Serializer,
        {
            match self {
                Some(inner) => serializer.serialize_some(&VariableSerialize(inner)),
                None => serializer.serialize_none(),
            }
        }
    }
    impl<T> Variable for [T]
    where
        T: Variable,
    {
        const TYPE: VariableType = VariableType::List(&T::TYPE);
        fn serialize<S>(&self, serializer: S) -> Result<S::Ok, S::Error>
        where
            S: Serializer,
        {
            let mut seq = serializer.serialize_seq(Some(self.len()))?;
            for element in self {
                seq.serialize_element(&VariableSerialize(element))?;
            }
            seq.end()
        }
    }
    impl<T> Variable for Vec<T>
    where
        T: Variable,
    {
        const TYPE: VariableType = VariableType::List(&T::TYPE);
        fn serialize<S>(&self, serializer: S) -> Result<S::Ok, S::Error>
        where
            S: Serializer,
        {
            let mut seq = serializer.serialize_seq(Some(self.len()))?;
            for element in self {
                seq.serialize_element(&VariableSerialize(element))?;
            }
            seq.end()
        }
    }
    impl<T> Variable for Box<T>
    where
        T: Variable,
    {
        const TYPE: VariableType = T::TYPE;
        fn serialize<S>(&self, serializer: S) -> Result<S::Ok, S::Error>
        where
            S: Serializer,
        {
            <T as Variable>::serialize(self.as_ref(), serializer)
        }
    }
    impl<T> Variable for std::rc::Rc<T>
    where
        T: Variable,
    {
        const TYPE: VariableType = T::TYPE;
        fn serialize<S>(&self, serializer: S) -> Result<S::Ok, S::Error>
        where
            S: Serializer,
        {
            <T as Variable>::serialize(self.as_ref(), serializer)
        }
    }
    impl<T> Variable for std::sync::Arc<T>
    where
        T: Variable,
    {
        const TYPE: VariableType = T::TYPE;
        fn serialize<S>(&self, serializer: S) -> Result<S::Ok, S::Error>
        where
            S: Serializer,
        {
            <T as Variable>::serialize(self.as_ref(), serializer)
        }
    }
    impl<T> Variable for std::borrow::Cow<'_, T>
    where
        T: ?::core::marker::Sized + Variable + ToOwned,
    {
        const TYPE: VariableType = T::TYPE;
        fn serialize<S>(&self, serializer: S) -> Result<S::Ok, S::Error>
        where
            S: Serializer,
        {
            <T as Variable>::serialize(self.as_ref(), serializer)
        }
    }
    impl Variable for bool {
        const TYPE: VariableType = VariableType::Named("Boolean");
        fn serialize<S>(&self, serializer: S) -> Result<S::Ok, S::Error>
        where
            S: Serializer,
        {
            <Self as cynic::serde::Serialize>::serialize(self, serializer)
        }
    }
    impl Variable for str {
        const TYPE: VariableType = VariableType::Named("String");
        fn serialize<S>(&self, serializer: S) -> Result<S::Ok, S::Error>
        where
            S: Serializer,
        {
            <Self as cynic::serde::Serialize>::serialize(self, serializer)
        }
    }
    impl Variable for String {
        const TYPE: VariableType = <str as Variable>::TYPE;
        fn serialize<S>(&self, serializer: S) -> Result<S::Ok, S::Error>
        where
            S: Serializer,
        {
            <Self as cynic::serde::Serialize>::serialize(self, serializer)
        }
    }
    impl Variable for f64 {
        const TYPE: VariableType = VariableType::Named("Float");
        fn serialize<S>(&self, serializer: S) -> Result<S::Ok, S::Error>
        where
            S: Serializer,
        {
            <Self as cynic::serde::Serialize>::serialize(self, serializer)
        }
    }
    impl Variable for i32 {
        const TYPE: VariableType = VariableType::Named("Int");
        fn serialize<S>(&self, serializer: S) -> Result<S::Ok, S::Error>
        where
            S: Serializer,
        {
            <Self as cynic::serde::Serialize>::serialize(self, serializer)
        }
    }
    impl Variable for cynic::Id {
        const TYPE: VariableType = VariableType::Named("ID");
        fn serialize<S>(&self, serializer: S) -> Result<S::Ok, S::Error>
        where
            S: Serializer,
        {
            <Self as cynic::serde::Serialize>::serialize(self, serializer)
        }
    }
}
