---
source: cynic-codegen/tests/use-schema.rs
assertion_line: 25
expression: "format_code(format!(\"{}\", tokens))"

---
impl ::cynic::schema::QueryRoot for Foo {}
pub struct Bar;
pub mod bar_fields {
    pub struct Id;
    impl ::cynic::schema::Field for Id {
        type Type = super::Uuid;
        const NAME: &'static str = "id";
    }
    impl ::cynic::schema::HasField<Id> for super::Bar {
        type Type = super::Uuid;
    }
    pub struct Name;
    impl ::cynic::schema::Field for Name {
        type Type = Option<super::String>;
        const NAME: &'static str = "name";
    }
    impl ::cynic::schema::HasField<Name> for super::Bar {
        type Type = Option<super::String>;
    }
}
pub struct Foo;
pub mod foo_fields {
    pub struct _Underscore;
    impl ::cynic::schema::Field for _Underscore {
        type Type = Option<super::Boolean>;
        const NAME: &'static str = "_";
    }
    impl ::cynic::schema::HasField<_Underscore> for super::Foo {
        type Type = Option<super::Boolean>;
    }
    pub struct Self_;
    impl ::cynic::schema::Field for Self_ {
        type Type = Option<super::Boolean>;
        const NAME: &'static str = "self";
    }
    impl ::cynic::schema::HasField<Self_> for super::Foo {
        type Type = Option<super::Boolean>;
    }
    pub struct Super;
    impl ::cynic::schema::Field for Super {
        type Type = Option<super::Boolean>;
        const NAME: &'static str = "super";
    }
    impl ::cynic::schema::HasField<Super> for super::Foo {
        type Type = Option<super::Boolean>;
    }
    pub struct Crate;
    impl ::cynic::schema::Field for Crate {
        type Type = Option<super::Boolean>;
        const NAME: &'static str = "crate";
    }
    impl ::cynic::schema::HasField<Crate> for super::Foo {
        type Type = Option<super::Boolean>;
    }
    pub struct Async;
    impl ::cynic::schema::Field for Async {
        type Type = Option<super::Boolean>;
        const NAME: &'static str = "async";
    }
    impl ::cynic::schema::HasField<Async> for super::Foo {
        type Type = Option<super::Boolean>;
    }
    pub struct Bar;
    impl ::cynic::schema::Field for Bar {
        type Type = Option<super::Bar>;
        const NAME: &'static str = "bar";
    }
    impl ::cynic::schema::HasField<Bar> for super::Foo {
        type Type = Option<super::Bar>;
    }
    pub mod bar_arguments {
        pub struct Id;
        impl ::cynic::schema::HasArgument<Id> for super::Bar {
            type ArgumentType = super::super::Uuid;
            const NAME: &'static str = "id";
        }
    }
    pub struct FieldWithKeywordArg;
    impl ::cynic::schema::Field for FieldWithKeywordArg {
        type Type = Vec<super::Int>;
        const NAME: &'static str = "fieldWithKeywordArg";
    }
    impl ::cynic::schema::HasField<FieldWithKeywordArg> for super::Foo {
        type Type = Vec<super::Int>;
    }
    pub mod field_with_keyword_arg_arguments {
        pub struct Where;
        impl ::cynic::schema::HasArgument<Where> for super::FieldWithKeywordArg {
            type ArgumentType = Option<super::super::Int>;
            const NAME: &'static str = "where";
        }
    }
}
pub struct States {}
pub struct Uuid {}
impl ::cynic::schema::NamedType for Bar {
    const NAME: &'static str = "Bar";
}
impl ::cynic::schema::NamedType for Foo {
    const NAME: &'static str = "Foo";
}
pub type Boolean = bool;
pub type String = std::string::String;
pub type Float = f64;
pub type Int = i32;
pub type Id = ::cynic::Id;
pub mod variable {
    use cynic::variables::VariableType;
    #[doc = r" Used to determine the type of a given variable that"]
    #[doc = r" appears in an argument struct."]
    pub trait Variable {
        const TYPE: VariableType;
    }
    impl<T> Variable for &T
    where
        T: Variable,
    {
        const TYPE: VariableType = T::TYPE;
    }
    impl<T> Variable for Option<T>
    where
        T: Variable,
    {
        const TYPE: VariableType = VariableType::Nullable(&T::TYPE);
    }
    impl<T> Variable for Vec<T>
    where
        T: Variable,
    {
        const TYPE: VariableType = VariableType::List(&T::TYPE);
    }
    impl<T> Variable for Box<T>
    where
        T: Variable,
    {
        const TYPE: VariableType = T::TYPE;
    }
    impl<T> Variable for std::rc::Rc<T>
    where
        T: Variable,
    {
        const TYPE: VariableType = T::TYPE;
    }
    impl<T> Variable for std::sync::Arc<T>
    where
        T: Variable,
    {
        const TYPE: VariableType = T::TYPE;
    }
    impl Variable for bool {
        const TYPE: VariableType = VariableType::Named("Boolean");
    }
    impl Variable for String {
        const TYPE: VariableType = VariableType::Named("String");
    }
    impl Variable for f64 {
        const TYPE: VariableType = VariableType::Named("Float");
    }
    impl Variable for i32 {
        const TYPE: VariableType = VariableType::Named("Int");
    }
    impl Variable for ::cynic::Id {
        const TYPE: VariableType = VariableType::Named("ID");
    }
}

