---
source: cynic-querygen/tests/github-tests.rs
expression: "document_to_fragment_structs(query, schema,\n                             &QueryGenOptions::default()).expect(\"QueryGen Failed\")"
---
#[cynic::schema_for_derives(
    file = r#"schema.graphql"#,
    module = "schema",
)]
mod queries {
    use super::schema;

    #[derive(cynic::FragmentArguments, Debug)]
    pub struct PullRequestTitlesArguments {
        pub pr_order: IssueOrder,
    }

    #[derive(cynic::QueryFragment, Debug)]
    #[cynic(graphql_type = "Query", argument_struct = "PullRequestTitlesArguments")]
    pub struct PullRequestTitles {
        #[arguments(name = "cynic", owner = "obmarg")]
        pub repository: Option<Repository>,
    }

    #[derive(cynic::QueryFragment, Debug)]
    #[cynic(argument_struct = "PullRequestTitlesArguments")]
    pub struct Repository {
        #[arguments(order_by = &args.pr_order)]
        pub pull_requests: PullRequestConnection,
    }

    #[derive(cynic::QueryFragment, Debug)]
    pub struct PullRequestConnection {
        pub nodes: Option<Vec<Option<PullRequest>>>,
    }

    #[derive(cynic::QueryFragment, Debug)]
    pub struct PullRequest {
        pub title: String,
    }

    #[derive(cynic::Enum, Clone, Copy, Debug)]
    pub enum IssueOrderField {
        Comments,
        CreatedAt,
        UpdatedAt,
    }

    #[derive(cynic::Enum, Clone, Copy, Debug)]
    pub enum OrderDirection {
        Asc,
        Desc,
    }

    #[derive(cynic::InputObject, Debug)]
    pub struct IssueOrder {
        pub direction: OrderDirection,
        pub field: IssueOrderField,
    }

}

mod schema {
    cynic::use_schema!(r#"schema.graphql"#);
}


