---
source: cynic-querygen/tests/github-tests.rs
expression: "document_to_fragment_structs(query, schema,\n                             &QueryGenOptions::default()).expect(\"QueryGen Failed\")"
---
#[cynic::schema_for_derives(
    file = r#"schema.graphql"#,
    module = "schema",
)]
mod queries {
    use super::schema;

    #[derive(cynic::FragmentArguments, Debug)]
    pub struct CommentOnMutationSupportIssueArguments {
        pub comment_body: String,
    }

    #[derive(cynic::QueryFragment, Debug)]
    #[cynic(graphql_type = "Mutation", argument_struct = "CommentOnMutationSupportIssueArguments")]
    pub struct CommentOnMutationSupportIssue {
        #[arguments(input = AddCommentInput { body: args.comment_body.clone(), subject_id: cynic::Id::new("MDU6SXNzdWU2ODU4NzUxMzQ=") })]
        pub add_comment: Option<AddCommentPayload>,
    }

    #[derive(cynic::QueryFragment, Debug)]
    pub struct AddCommentPayload {
        pub comment_edge: Option<IssueCommentEdge>,
    }

    #[derive(cynic::QueryFragment, Debug)]
    pub struct IssueCommentEdge {
        pub node: Option<IssueComment>,
    }

    #[derive(cynic::QueryFragment, Debug)]
    pub struct IssueComment {
        pub id: cynic::Id,
    }

    #[derive(cynic::InputObject, Debug)]
    pub struct AddCommentInput {
        pub body: String,
        pub subject_id: cynic::Id,
    }

}

mod schema {
    cynic::use_schema!(r#"schema.graphql"#);
}


