---
source: cynic-querygen/tests/misc-tests.rs
expression: "document_to_fragment_structs(query, schema,\n        &QueryGenOptions::default()).expect(\"QueryGen Failed\")"
---
#[derive(cynic::QueryFragment, Debug)]
#[cynic(graphql_type = "Foo")]
pub struct KeywordRenames {
    #[cynic(rename = "_")]
    pub __underscore: Option<bool>,
    #[cynic(rename = "self")]
    pub self_: Option<bool>,
    #[cynic(rename = "super")]
    pub super_: Option<bool>,
    #[cynic(rename = "crate")]
    pub crate_: Option<bool>,
    #[cynic(rename = "async")]
    pub async_: Option<bool>,
}


