---
source: cynic-querygen/tests/starwars-tests.rs
assertion_line: 28
expression: "document_to_fragment_structs(query, schema,\n        &QueryGenOptions::default()).expect(\"QueryGen Failed\")"
---
#[cynic::schema_for_derives(
    file = r#"schema.graphql"#,
    module = "schema",
)]
mod queries {
    use super::schema;

    #[derive(cynic::QueryFragment, Debug)]
    #[cynic(graphql_type = "Root")]
    pub struct UnnamedQuery {
        pub all_people: Option<PeopleConnection>,
    }

    #[derive(cynic::QueryFragment, Debug)]
    pub struct PeopleConnection {
        pub people: Option<Vec<Option<Person>>>,
    }

    #[derive(cynic::QueryFragment, Debug)]
    pub struct Person {
        pub mass: Option<f64>,
    }

}

mod schema {
    cynic::use_schema!(r#"schema.graphql"#);
}


